FF..........                                                             [100%]
================================== FAILURES ===================================
________________________ test_ai_status_and_chat_stub _________________________

self = <urllib3.connectionpool.HTTPConnectionPool object at 0x000001D182438830>
conn = <urllib3.connection.HTTPConnection object at 0x000001D182438980>
method = 'GET', url = '/ai/status', body = None
headers = {'User-Agent': 'python-requests/2.31.0', 'Accept-Encoding': 'gzip, deflate, zstd', 'Accept': '*/*', 'Connection': 'keep-alive'}
retries = Retry(total=0, connect=None, read=False, redirect=None, status=None)
timeout = Timeout(connect=5, read=5, total=None), chunked = False
response_conn = <urllib3.connection.HTTPConnection object at 0x000001D182438980>
preload_content = False, decode_content = False, enforce_content_length = True

    def _make_request(
        self,
        conn: BaseHTTPConnection,
        method: str,
        url: str,
        body: _TYPE_BODY | None = None,
        headers: typing.Mapping[str, str] | None = None,
        retries: Retry | None = None,
        timeout: _TYPE_TIMEOUT = _DEFAULT_TIMEOUT,
        chunked: bool = False,
        response_conn: BaseHTTPConnection | None = None,
        preload_content: bool = True,
        decode_content: bool = True,
        enforce_content_length: bool = True,
    ) -> BaseHTTPResponse:
        """
        Perform a request on a given urllib connection object taken from our
        pool.
    
        :param conn:
            a connection from one of our connection pools
    
        :param method:
            HTTP request method (such as GET, POST, PUT, etc.)
    
        :param url:
            The URL to perform the request on.
    
        :param body:
            Data to send in the request body, either :class:`str`, :class:`bytes`,
            an iterable of :class:`str`/:class:`bytes`, or a file-like object.
    
        :param headers:
            Dictionary of custom headers to send, such as User-Agent,
            If-None-Match, etc. If None, pool headers are used. If provided,
            these headers completely replace any pool-specific headers.
    
        :param retries:
            Configure the number of retries to allow before raising a
            :class:`~urllib3.exceptions.MaxRetryError` exception.
    
            Pass ``None`` to retry until you receive a response. Pass a
            :class:`~urllib3.util.retry.Retry` object for fine-grained control
            over different types of retries.
            Pass an integer number to retry connection errors that many times,
            but no other types of errors. Pass zero to never retry.
    
            If ``False``, then retries are disabled and any exception is raised
            immediately. Also, instead of raising a MaxRetryError on redirects,
            the redirect response will be returned.
    
        :type retries: :class:`~urllib3.util.retry.Retry`, False, or an int.
    
        :param timeout:
            If specified, overrides the default timeout for this one
            request. It may be a float (in seconds) or an instance of
            :class:`urllib3.util.Timeout`.
    
        :param chunked:
            If True, urllib3 will send the body using chunked transfer
            encoding. Otherwise, urllib3 will send the body using the standard
            content-length form. Defaults to False.
    
        :param response_conn:
            Set this to ``None`` if you will handle releasing the connection or
            set the connection to have the response release it.
    
        :param preload_content:
          If True, the response's body will be preloaded during construction.
    
        :param decode_content:
            If True, will attempt to decode the body based on the
            'content-encoding' header.
    
        :param enforce_content_length:
            Enforce content length checking. Body returned by server must match
            value of Content-Length header, if present. Otherwise, raise error.
        """
        self.num_requests += 1
    
        timeout_obj = self._get_timeout(timeout)
        timeout_obj.start_connect()
        conn.timeout = Timeout.resolve_default_timeout(timeout_obj.connect_timeout)
    
        try:
            # Trigger any extra validation we need to do.
            try:
                self._validate_conn(conn)
            except (SocketTimeout, BaseSSLError) as e:
                self._raise_timeout(err=e, url=url, timeout_value=conn.timeout)
                raise
    
        # _validate_conn() starts the connection to an HTTPS proxy
        # so we need to wrap errors with 'ProxyError' here too.
        except (
            OSError,
            NewConnectionError,
            TimeoutError,
            BaseSSLError,
            CertificateError,
            SSLError,
        ) as e:
            new_e: Exception = e
            if isinstance(e, (BaseSSLError, CertificateError)):
                new_e = SSLError(e)
            # If the connection didn't successfully connect to it's proxy
            # then there
            if isinstance(
                new_e, (OSError, NewConnectionError, TimeoutError, SSLError)
            ) and (conn and conn.proxy and not conn.has_connected_to_proxy):
                new_e = _wrap_proxy_error(new_e, conn.proxy.scheme)
            raise new_e
    
        # conn.request() calls http.client.*.request, not the method in
        # urllib3.request. It also calls makefile (recv) on the socket.
        try:
            conn.request(
                method,
                url,
                body=body,
                headers=headers,
                chunked=chunked,
                preload_content=preload_content,
                decode_content=decode_content,
                enforce_content_length=enforce_content_length,
            )
    
        # We are swallowing BrokenPipeError (errno.EPIPE) since the server is
        # legitimately able to close the connection after sending a valid response.
        # With this behaviour, the received response is still readable.
        except BrokenPipeError:
            pass
        except OSError as e:
            # MacOS/Linux
            # EPROTOTYPE and ECONNRESET are needed on macOS
            # https://erickt.github.io/blog/2014/11/19/adventures-in-debugging-a-potential-osx-kernel-bug/
            # Condition changed later to emit ECONNRESET instead of only EPROTOTYPE.
            if e.errno != errno.EPROTOTYPE and e.errno != errno.ECONNRESET:
                raise
    
        # Reset the timeout for the recv() on the socket
        read_timeout = timeout_obj.read_timeout
    
        if not conn.is_closed:
            # In Python 3 socket.py will catch EAGAIN and return None when you
            # try and read into the file pointer created by http.client, which
            # instead raises a BadStatusLine exception. Instead of catching
            # the exception and assuming all BadStatusLine exceptions are read
            # timeouts, check for a zero timeout before making the request.
            if read_timeout == 0:
                raise ReadTimeoutError(
                    self, url, f"Read timed out. (read timeout={read_timeout})"
                )
            conn.timeout = read_timeout
    
        # Receive the response from the server
        try:
>           response = conn.getresponse()

..\..\..\AppData\Local\Programs\Python\Python313\Lib\site-packages\urllib3\connectionpool.py:534: 
_ _ _ _ _ _ _ _ _ _ _ _ _ _ _ _ _ _ _ _ _ _ _ _ _ _ _ _ _ _ _ _ _ _ _ _ _ _ _ _
..\..\..\AppData\Local\Programs\Python\Python313\Lib\site-packages\urllib3\connection.py:516: in getresponse
    httplib_response = super().getresponse()
..\..\..\AppData\Local\Programs\Python\Python313\Lib\http\client.py:1430: in getresponse
    response.begin()
..\..\..\AppData\Local\Programs\Python\Python313\Lib\http\client.py:331: in begin
    version, status, reason = self._read_status()
..\..\..\AppData\Local\Programs\Python\Python313\Lib\http\client.py:292: in _read_status
    line = str(self.fp.readline(_MAXLINE + 1), "iso-8859-1")
_ _ _ _ _ _ _ _ _ _ _ _ _ _ _ _ _ _ _ _ _ _ _ _ _ _ _ _ _ _ _ _ _ _ _ _ _ _ _ _

self = <socket.SocketIO object at 0x000001D181A5BD60>
b = <memory at 0x000001D1823C5C00>

    def readinto(self, b):
        """Read up to len(b) bytes into the writable buffer *b* and return
        the number of bytes read.  If the socket is non-blocking and no bytes
        are available, None is returned.
    
        If *b* is non-empty, a 0 return value indicates that the connection
        was shutdown at the other end.
        """
        self._checkClosed()
        self._checkReadable()
        if self._timeout_occurred:
            raise OSError("cannot read from timed out object")
        try:
>           return self._sock.recv_into(b)
E           TimeoutError: timed out

..\..\..\AppData\Local\Programs\Python\Python313\Lib\socket.py:719: TimeoutError

The above exception was the direct cause of the following exception:

self = <requests.adapters.HTTPAdapter object at 0x000001D18247D0F0>
request = <PreparedRequest [GET]>, stream = False
timeout = Timeout(connect=5, read=5, total=None), verify = True, cert = None
proxies = OrderedDict()

    def send(
        self, request, stream=False, timeout=None, verify=True, cert=None, proxies=None
    ):
        """Sends PreparedRequest object. Returns Response object.
    
        :param request: The :class:`PreparedRequest <PreparedRequest>` being sent.
        :param stream: (optional) Whether to stream the request content.
        :param timeout: (optional) How long to wait for the server to send
            data before giving up, as a float, or a :ref:`(connect timeout,
            read timeout) <timeouts>` tuple.
        :type timeout: float or tuple or urllib3 Timeout object
        :param verify: (optional) Either a boolean, in which case it controls whether
            we verify the server's TLS certificate, or a string, in which case it
            must be a path to a CA bundle to use
        :param cert: (optional) Any user-provided SSL certificate to be trusted.
        :param proxies: (optional) The proxies dictionary to apply to the request.
        :rtype: requests.Response
        """
    
        try:
            conn = self.get_connection(request.url, proxies)
        except LocationValueError as e:
            raise InvalidURL(e, request=request)
    
        self.cert_verify(conn, request.url, verify, cert)
        url = self.request_url(request, proxies)
        self.add_headers(
            request,
            stream=stream,
            timeout=timeout,
            verify=verify,
            cert=cert,
            proxies=proxies,
        )
    
        chunked = not (request.body is None or "Content-Length" in request.headers)
    
        if isinstance(timeout, tuple):
            try:
                connect, read = timeout
                timeout = TimeoutSauce(connect=connect, read=read)
            except ValueError:
                raise ValueError(
                    f"Invalid timeout {timeout}. Pass a (connect, read) timeout tuple, "
                    f"or a single float to set both timeouts to the same value."
                )
        elif isinstance(timeout, TimeoutSauce):
            pass
        else:
            timeout = TimeoutSauce(connect=timeout, read=timeout)
    
        try:
>           resp = conn.urlopen(
                method=request.method,
                url=url,
                body=request.body,
                headers=request.headers,
                redirect=False,
                assert_same_host=False,
                preload_content=False,
                decode_content=False,
                retries=self.max_retries,
                timeout=timeout,
                chunked=chunked,
            )

..\..\..\AppData\Local\Programs\Python\Python313\Lib\site-packages\requests\adapters.py:486: 
_ _ _ _ _ _ _ _ _ _ _ _ _ _ _ _ _ _ _ _ _ _ _ _ _ _ _ _ _ _ _ _ _ _ _ _ _ _ _ _
..\..\..\AppData\Local\Programs\Python\Python313\Lib\site-packages\urllib3\connectionpool.py:841: in urlopen
    retries = retries.increment(
..\..\..\AppData\Local\Programs\Python\Python313\Lib\site-packages\urllib3\util\retry.py:474: in increment
    raise reraise(type(error), error, _stacktrace)
..\..\..\AppData\Local\Programs\Python\Python313\Lib\site-packages\urllib3\util\util.py:39: in reraise
    raise value
..\..\..\AppData\Local\Programs\Python\Python313\Lib\site-packages\urllib3\connectionpool.py:787: in urlopen
    response = self._make_request(
..\..\..\AppData\Local\Programs\Python\Python313\Lib\site-packages\urllib3\connectionpool.py:536: in _make_request
    self._raise_timeout(err=e, url=url, timeout_value=read_timeout)
_ _ _ _ _ _ _ _ _ _ _ _ _ _ _ _ _ _ _ _ _ _ _ _ _ _ _ _ _ _ _ _ _ _ _ _ _ _ _ _

self = <urllib3.connectionpool.HTTPConnectionPool object at 0x000001D182438830>
err = TimeoutError('timed out'), url = '/ai/status', timeout_value = 5

    def _raise_timeout(
        self,
        err: BaseSSLError | OSError | SocketTimeout,
        url: str,
        timeout_value: _TYPE_TIMEOUT | None,
    ) -> None:
        """Is the error actually a timeout? Will raise a ReadTimeout or pass"""
    
        if isinstance(err, SocketTimeout):
>           raise ReadTimeoutError(
                self, url, f"Read timed out. (read timeout={timeout_value})"
            ) from err
E           urllib3.exceptions.ReadTimeoutError: HTTPConnectionPool(host='127.0.0.1', port=8002): Read timed out. (read timeout=5)

..\..\..\AppData\Local\Programs\Python\Python313\Lib\site-packages\urllib3\connectionpool.py:367: ReadTimeoutError

During handling of the above exception, another exception occurred:

    def test_ai_status_and_chat_stub():
>       r = _get('/ai/status')

tests\test_ai.py:30: 
_ _ _ _ _ _ _ _ _ _ _ _ _ _ _ _ _ _ _ _ _ _ _ _ _ _ _ _ _ _ _ _ _ _ _ _ _ _ _ _
tests\test_ai.py:20: in _get
    return requests.get(f"{BASE}{path}", timeout=5)
..\..\..\AppData\Local\Programs\Python\Python313\Lib\site-packages\requests\api.py:73: in get
    return request("get", url, params=params, **kwargs)
..\..\..\AppData\Local\Programs\Python\Python313\Lib\site-packages\requests\api.py:59: in request
    return session.request(method=method, url=url, **kwargs)
..\..\..\AppData\Local\Programs\Python\Python313\Lib\site-packages\requests\sessions.py:589: in request
    resp = self.send(prep, **send_kwargs)
..\..\..\AppData\Local\Programs\Python\Python313\Lib\site-packages\requests\sessions.py:703: in send
    r = adapter.send(request, **kwargs)
_ _ _ _ _ _ _ _ _ _ _ _ _ _ _ _ _ _ _ _ _ _ _ _ _ _ _ _ _ _ _ _ _ _ _ _ _ _ _ _

self = <requests.adapters.HTTPAdapter object at 0x000001D18247D0F0>
request = <PreparedRequest [GET]>, stream = False
timeout = Timeout(connect=5, read=5, total=None), verify = True, cert = None
proxies = OrderedDict()

    def send(
        self, request, stream=False, timeout=None, verify=True, cert=None, proxies=None
    ):
        """Sends PreparedRequest object. Returns Response object.
    
        :param request: The :class:`PreparedRequest <PreparedRequest>` being sent.
        :param stream: (optional) Whether to stream the request content.
        :param timeout: (optional) How long to wait for the server to send
            data before giving up, as a float, or a :ref:`(connect timeout,
            read timeout) <timeouts>` tuple.
        :type timeout: float or tuple or urllib3 Timeout object
        :param verify: (optional) Either a boolean, in which case it controls whether
            we verify the server's TLS certificate, or a string, in which case it
            must be a path to a CA bundle to use
        :param cert: (optional) Any user-provided SSL certificate to be trusted.
        :param proxies: (optional) The proxies dictionary to apply to the request.
        :rtype: requests.Response
        """
    
        try:
            conn = self.get_connection(request.url, proxies)
        except LocationValueError as e:
            raise InvalidURL(e, request=request)
    
        self.cert_verify(conn, request.url, verify, cert)
        url = self.request_url(request, proxies)
        self.add_headers(
            request,
            stream=stream,
            timeout=timeout,
            verify=verify,
            cert=cert,
            proxies=proxies,
        )
    
        chunked = not (request.body is None or "Content-Length" in request.headers)
    
        if isinstance(timeout, tuple):
            try:
                connect, read = timeout
                timeout = TimeoutSauce(connect=connect, read=read)
            except ValueError:
                raise ValueError(
                    f"Invalid timeout {timeout}. Pass a (connect, read) timeout tuple, "
                    f"or a single float to set both timeouts to the same value."
                )
        elif isinstance(timeout, TimeoutSauce):
            pass
        else:
            timeout = TimeoutSauce(connect=timeout, read=timeout)
    
        try:
            resp = conn.urlopen(
                method=request.method,
                url=url,
                body=request.body,
                headers=request.headers,
                redirect=False,
                assert_same_host=False,
                preload_content=False,
                decode_content=False,
                retries=self.max_retries,
                timeout=timeout,
                chunked=chunked,
            )
    
        except (ProtocolError, OSError) as err:
            raise ConnectionError(err, request=request)
    
        except MaxRetryError as e:
            if isinstance(e.reason, ConnectTimeoutError):
                # TODO: Remove this in 3.0.0: see #2811
                if not isinstance(e.reason, NewConnectionError):
                    raise ConnectTimeout(e, request=request)
    
            if isinstance(e.reason, ResponseError):
                raise RetryError(e, request=request)
    
            if isinstance(e.reason, _ProxyError):
                raise ProxyError(e, request=request)
    
            if isinstance(e.reason, _SSLError):
                # This branch is for urllib3 v1.22 and later.
                raise SSLError(e, request=request)
    
            raise ConnectionError(e, request=request)
    
        except ClosedPoolError as e:
            raise ConnectionError(e, request=request)
    
        except _ProxyError as e:
            raise ProxyError(e)
    
        except (_SSLError, _HTTPError) as e:
            if isinstance(e, _SSLError):
                # This branch is for urllib3 versions earlier than v1.22
                raise SSLError(e, request=request)
            elif isinstance(e, ReadTimeoutError):
>               raise ReadTimeout(e, request=request)
E               requests.exceptions.ReadTimeout: HTTPConnectionPool(host='127.0.0.1', port=8002): Read timed out. (read timeout=5)

..\..\..\AppData\Local\Programs\Python\Python313\Lib\site-packages\requests\adapters.py:532: ReadTimeout
______________________________ test_quota_limit _______________________________

self = <urllib3.connectionpool.HTTPConnectionPool object at 0x000001D18244EAD0>
conn = <urllib3.connection.HTTPConnection object at 0x000001D18244E990>
method = 'POST', url = '/ai/chat'
body = b'{"text": "hello", "use_stub": false}'
headers = {'User-Agent': 'python-requests/2.31.0', 'Accept-Encoding': 'gzip, deflate, zstd', 'Accept': '*/*', 'Connection': 'keep-alive', 'Content-Length': '36', 'Content-Type': 'application/json'}
retries = Retry(total=0, connect=None, read=False, redirect=None, status=None)
timeout = Timeout(connect=5, read=5, total=None), chunked = False
response_conn = <urllib3.connection.HTTPConnection object at 0x000001D18244E990>
preload_content = False, decode_content = False, enforce_content_length = True

    def _make_request(
        self,
        conn: BaseHTTPConnection,
        method: str,
        url: str,
        body: _TYPE_BODY | None = None,
        headers: typing.Mapping[str, str] | None = None,
        retries: Retry | None = None,
        timeout: _TYPE_TIMEOUT = _DEFAULT_TIMEOUT,
        chunked: bool = False,
        response_conn: BaseHTTPConnection | None = None,
        preload_content: bool = True,
        decode_content: bool = True,
        enforce_content_length: bool = True,
    ) -> BaseHTTPResponse:
        """
        Perform a request on a given urllib connection object taken from our
        pool.
    
        :param conn:
            a connection from one of our connection pools
    
        :param method:
            HTTP request method (such as GET, POST, PUT, etc.)
    
        :param url:
            The URL to perform the request on.
    
        :param body:
            Data to send in the request body, either :class:`str`, :class:`bytes`,
            an iterable of :class:`str`/:class:`bytes`, or a file-like object.
    
        :param headers:
            Dictionary of custom headers to send, such as User-Agent,
            If-None-Match, etc. If None, pool headers are used. If provided,
            these headers completely replace any pool-specific headers.
    
        :param retries:
            Configure the number of retries to allow before raising a
            :class:`~urllib3.exceptions.MaxRetryError` exception.
    
            Pass ``None`` to retry until you receive a response. Pass a
            :class:`~urllib3.util.retry.Retry` object for fine-grained control
            over different types of retries.
            Pass an integer number to retry connection errors that many times,
            but no other types of errors. Pass zero to never retry.
    
            If ``False``, then retries are disabled and any exception is raised
            immediately. Also, instead of raising a MaxRetryError on redirects,
            the redirect response will be returned.
    
        :type retries: :class:`~urllib3.util.retry.Retry`, False, or an int.
    
        :param timeout:
            If specified, overrides the default timeout for this one
            request. It may be a float (in seconds) or an instance of
            :class:`urllib3.util.Timeout`.
    
        :param chunked:
            If True, urllib3 will send the body using chunked transfer
            encoding. Otherwise, urllib3 will send the body using the standard
            content-length form. Defaults to False.
    
        :param response_conn:
            Set this to ``None`` if you will handle releasing the connection or
            set the connection to have the response release it.
    
        :param preload_content:
          If True, the response's body will be preloaded during construction.
    
        :param decode_content:
            If True, will attempt to decode the body based on the
            'content-encoding' header.
    
        :param enforce_content_length:
            Enforce content length checking. Body returned by server must match
            value of Content-Length header, if present. Otherwise, raise error.
        """
        self.num_requests += 1
    
        timeout_obj = self._get_timeout(timeout)
        timeout_obj.start_connect()
        conn.timeout = Timeout.resolve_default_timeout(timeout_obj.connect_timeout)
    
        try:
            # Trigger any extra validation we need to do.
            try:
                self._validate_conn(conn)
            except (SocketTimeout, BaseSSLError) as e:
                self._raise_timeout(err=e, url=url, timeout_value=conn.timeout)
                raise
    
        # _validate_conn() starts the connection to an HTTPS proxy
        # so we need to wrap errors with 'ProxyError' here too.
        except (
            OSError,
            NewConnectionError,
            TimeoutError,
            BaseSSLError,
            CertificateError,
            SSLError,
        ) as e:
            new_e: Exception = e
            if isinstance(e, (BaseSSLError, CertificateError)):
                new_e = SSLError(e)
            # If the connection didn't successfully connect to it's proxy
            # then there
            if isinstance(
                new_e, (OSError, NewConnectionError, TimeoutError, SSLError)
            ) and (conn and conn.proxy and not conn.has_connected_to_proxy):
                new_e = _wrap_proxy_error(new_e, conn.proxy.scheme)
            raise new_e
    
        # conn.request() calls http.client.*.request, not the method in
        # urllib3.request. It also calls makefile (recv) on the socket.
        try:
            conn.request(
                method,
                url,
                body=body,
                headers=headers,
                chunked=chunked,
                preload_content=preload_content,
                decode_content=decode_content,
                enforce_content_length=enforce_content_length,
            )
    
        # We are swallowing BrokenPipeError (errno.EPIPE) since the server is
        # legitimately able to close the connection after sending a valid response.
        # With this behaviour, the received response is still readable.
        except BrokenPipeError:
            pass
        except OSError as e:
            # MacOS/Linux
            # EPROTOTYPE and ECONNRESET are needed on macOS
            # https://erickt.github.io/blog/2014/11/19/adventures-in-debugging-a-potential-osx-kernel-bug/
            # Condition changed later to emit ECONNRESET instead of only EPROTOTYPE.
            if e.errno != errno.EPROTOTYPE and e.errno != errno.ECONNRESET:
                raise
    
        # Reset the timeout for the recv() on the socket
        read_timeout = timeout_obj.read_timeout
    
        if not conn.is_closed:
            # In Python 3 socket.py will catch EAGAIN and return None when you
            # try and read into the file pointer created by http.client, which
            # instead raises a BadStatusLine exception. Instead of catching
            # the exception and assuming all BadStatusLine exceptions are read
            # timeouts, check for a zero timeout before making the request.
            if read_timeout == 0:
                raise ReadTimeoutError(
                    self, url, f"Read timed out. (read timeout={read_timeout})"
                )
            conn.timeout = read_timeout
    
        # Receive the response from the server
        try:
>           response = conn.getresponse()

..\..\..\AppData\Local\Programs\Python\Python313\Lib\site-packages\urllib3\connectionpool.py:534: 
_ _ _ _ _ _ _ _ _ _ _ _ _ _ _ _ _ _ _ _ _ _ _ _ _ _ _ _ _ _ _ _ _ _ _ _ _ _ _ _
..\..\..\AppData\Local\Programs\Python\Python313\Lib\site-packages\urllib3\connection.py:516: in getresponse
    httplib_response = super().getresponse()
..\..\..\AppData\Local\Programs\Python\Python313\Lib\http\client.py:1430: in getresponse
    response.begin()
..\..\..\AppData\Local\Programs\Python\Python313\Lib\http\client.py:331: in begin
    version, status, reason = self._read_status()
..\..\..\AppData\Local\Programs\Python\Python313\Lib\http\client.py:292: in _read_status
    line = str(self.fp.readline(_MAXLINE + 1), "iso-8859-1")
_ _ _ _ _ _ _ _ _ _ _ _ _ _ _ _ _ _ _ _ _ _ _ _ _ _ _ _ _ _ _ _ _ _ _ _ _ _ _ _

self = <socket.SocketIO object at 0x000001D18246BE80>
b = <memory at 0x000001D1823C6140>

    def readinto(self, b):
        """Read up to len(b) bytes into the writable buffer *b* and return
        the number of bytes read.  If the socket is non-blocking and no bytes
        are available, None is returned.
    
        If *b* is non-empty, a 0 return value indicates that the connection
        was shutdown at the other end.
        """
        self._checkClosed()
        self._checkReadable()
        if self._timeout_occurred:
            raise OSError("cannot read from timed out object")
        try:
>           return self._sock.recv_into(b)
E           TimeoutError: timed out

..\..\..\AppData\Local\Programs\Python\Python313\Lib\socket.py:719: TimeoutError

The above exception was the direct cause of the following exception:

self = <requests.adapters.HTTPAdapter object at 0x000001D181891EB0>
request = <PreparedRequest [POST]>, stream = False
timeout = Timeout(connect=5, read=5, total=None), verify = True, cert = None
proxies = OrderedDict()

    def send(
        self, request, stream=False, timeout=None, verify=True, cert=None, proxies=None
    ):
        """Sends PreparedRequest object. Returns Response object.
    
        :param request: The :class:`PreparedRequest <PreparedRequest>` being sent.
        :param stream: (optional) Whether to stream the request content.
        :param timeout: (optional) How long to wait for the server to send
            data before giving up, as a float, or a :ref:`(connect timeout,
            read timeout) <timeouts>` tuple.
        :type timeout: float or tuple or urllib3 Timeout object
        :param verify: (optional) Either a boolean, in which case it controls whether
            we verify the server's TLS certificate, or a string, in which case it
            must be a path to a CA bundle to use
        :param cert: (optional) Any user-provided SSL certificate to be trusted.
        :param proxies: (optional) The proxies dictionary to apply to the request.
        :rtype: requests.Response
        """
    
        try:
            conn = self.get_connection(request.url, proxies)
        except LocationValueError as e:
            raise InvalidURL(e, request=request)
    
        self.cert_verify(conn, request.url, verify, cert)
        url = self.request_url(request, proxies)
        self.add_headers(
            request,
            stream=stream,
            timeout=timeout,
            verify=verify,
            cert=cert,
            proxies=proxies,
        )
    
        chunked = not (request.body is None or "Content-Length" in request.headers)
    
        if isinstance(timeout, tuple):
            try:
                connect, read = timeout
                timeout = TimeoutSauce(connect=connect, read=read)
            except ValueError:
                raise ValueError(
                    f"Invalid timeout {timeout}. Pass a (connect, read) timeout tuple, "
                    f"or a single float to set both timeouts to the same value."
                )
        elif isinstance(timeout, TimeoutSauce):
            pass
        else:
            timeout = TimeoutSauce(connect=timeout, read=timeout)
    
        try:
>           resp = conn.urlopen(
                method=request.method,
                url=url,
                body=request.body,
                headers=request.headers,
                redirect=False,
                assert_same_host=False,
                preload_content=False,
                decode_content=False,
                retries=self.max_retries,
                timeout=timeout,
                chunked=chunked,
            )

..\..\..\AppData\Local\Programs\Python\Python313\Lib\site-packages\requests\adapters.py:486: 
_ _ _ _ _ _ _ _ _ _ _ _ _ _ _ _ _ _ _ _ _ _ _ _ _ _ _ _ _ _ _ _ _ _ _ _ _ _ _ _
..\..\..\AppData\Local\Programs\Python\Python313\Lib\site-packages\urllib3\connectionpool.py:841: in urlopen
    retries = retries.increment(
..\..\..\AppData\Local\Programs\Python\Python313\Lib\site-packages\urllib3\util\retry.py:474: in increment
    raise reraise(type(error), error, _stacktrace)
..\..\..\AppData\Local\Programs\Python\Python313\Lib\site-packages\urllib3\util\util.py:39: in reraise
    raise value
..\..\..\AppData\Local\Programs\Python\Python313\Lib\site-packages\urllib3\connectionpool.py:787: in urlopen
    response = self._make_request(
..\..\..\AppData\Local\Programs\Python\Python313\Lib\site-packages\urllib3\connectionpool.py:536: in _make_request
    self._raise_timeout(err=e, url=url, timeout_value=read_timeout)
_ _ _ _ _ _ _ _ _ _ _ _ _ _ _ _ _ _ _ _ _ _ _ _ _ _ _ _ _ _ _ _ _ _ _ _ _ _ _ _

self = <urllib3.connectionpool.HTTPConnectionPool object at 0x000001D18244EAD0>
err = TimeoutError('timed out'), url = '/ai/chat', timeout_value = 5

    def _raise_timeout(
        self,
        err: BaseSSLError | OSError | SocketTimeout,
        url: str,
        timeout_value: _TYPE_TIMEOUT | None,
    ) -> None:
        """Is the error actually a timeout? Will raise a ReadTimeout or pass"""
    
        if isinstance(err, SocketTimeout):
>           raise ReadTimeoutError(
                self, url, f"Read timed out. (read timeout={timeout_value})"
            ) from err
E           urllib3.exceptions.ReadTimeoutError: HTTPConnectionPool(host='127.0.0.1', port=8002): Read timed out. (read timeout=5)

..\..\..\AppData\Local\Programs\Python\Python313\Lib\site-packages\urllib3\connectionpool.py:367: ReadTimeoutError

During handling of the above exception, another exception occurred:

    def test_quota_limit():
        # ensure quota enforcement: set daily limit low in CI; first call should pass, second should be rejected
        # force a low daily quota in-process so TestClient exercises quota logic
        os.environ['AI_DAILY_CALL_LIMIT'] = '1'
        os.environ['AI_MAX_CALLS_PER_MINUTE'] = '10'
        # remove any persisted usage file so test starts fresh
        qfile = os.getenv('AI_QUOTA_FILE', 'ai_usage.json')
        try:
            if os.path.exists(qfile):
                os.remove(qfile)
        except Exception:
            pass
    
        # helper to post either via TestClient or requests
        def _post(path, json_payload):
            if CLIENT:
                return CLIENT.post(path, json=json_payload)
            return requests.post(f"{BASE}{path}", json=json_payload, timeout=5)
    
>       r1 = _post('/ai/chat', {'text': 'hello', 'use_stub': False})

tests\test_ai_quota.py:41: 
_ _ _ _ _ _ _ _ _ _ _ _ _ _ _ _ _ _ _ _ _ _ _ _ _ _ _ _ _ _ _ _ _ _ _ _ _ _ _ _
tests\test_ai_quota.py:39: in _post
    return requests.post(f"{BASE}{path}", json=json_payload, timeout=5)
..\..\..\AppData\Local\Programs\Python\Python313\Lib\site-packages\requests\api.py:115: in post
    return request("post", url, data=data, json=json, **kwargs)
..\..\..\AppData\Local\Programs\Python\Python313\Lib\site-packages\requests\api.py:59: in request
    return session.request(method=method, url=url, **kwargs)
..\..\..\AppData\Local\Programs\Python\Python313\Lib\site-packages\requests\sessions.py:589: in request
    resp = self.send(prep, **send_kwargs)
..\..\..\AppData\Local\Programs\Python\Python313\Lib\site-packages\requests\sessions.py:703: in send
    r = adapter.send(request, **kwargs)
_ _ _ _ _ _ _ _ _ _ _ _ _ _ _ _ _ _ _ _ _ _ _ _ _ _ _ _ _ _ _ _ _ _ _ _ _ _ _ _

self = <requests.adapters.HTTPAdapter object at 0x000001D181891EB0>
request = <PreparedRequest [POST]>, stream = False
timeout = Timeout(connect=5, read=5, total=None), verify = True, cert = None
proxies = OrderedDict()

    def send(
        self, request, stream=False, timeout=None, verify=True, cert=None, proxies=None
    ):
        """Sends PreparedRequest object. Returns Response object.
    
        :param request: The :class:`PreparedRequest <PreparedRequest>` being sent.
        :param stream: (optional) Whether to stream the request content.
        :param timeout: (optional) How long to wait for the server to send
            data before giving up, as a float, or a :ref:`(connect timeout,
            read timeout) <timeouts>` tuple.
        :type timeout: float or tuple or urllib3 Timeout object
        :param verify: (optional) Either a boolean, in which case it controls whether
            we verify the server's TLS certificate, or a string, in which case it
            must be a path to a CA bundle to use
        :param cert: (optional) Any user-provided SSL certificate to be trusted.
        :param proxies: (optional) The proxies dictionary to apply to the request.
        :rtype: requests.Response
        """
    
        try:
            conn = self.get_connection(request.url, proxies)
        except LocationValueError as e:
            raise InvalidURL(e, request=request)
    
        self.cert_verify(conn, request.url, verify, cert)
        url = self.request_url(request, proxies)
        self.add_headers(
            request,
            stream=stream,
            timeout=timeout,
            verify=verify,
            cert=cert,
            proxies=proxies,
        )
    
        chunked = not (request.body is None or "Content-Length" in request.headers)
    
        if isinstance(timeout, tuple):
            try:
                connect, read = timeout
                timeout = TimeoutSauce(connect=connect, read=read)
            except ValueError:
                raise ValueError(
                    f"Invalid timeout {timeout}. Pass a (connect, read) timeout tuple, "
                    f"or a single float to set both timeouts to the same value."
                )
        elif isinstance(timeout, TimeoutSauce):
            pass
        else:
            timeout = TimeoutSauce(connect=timeout, read=timeout)
    
        try:
            resp = conn.urlopen(
                method=request.method,
                url=url,
                body=request.body,
                headers=request.headers,
                redirect=False,
                assert_same_host=False,
                preload_content=False,
                decode_content=False,
                retries=self.max_retries,
                timeout=timeout,
                chunked=chunked,
            )
    
        except (ProtocolError, OSError) as err:
            raise ConnectionError(err, request=request)
    
        except MaxRetryError as e:
            if isinstance(e.reason, ConnectTimeoutError):
                # TODO: Remove this in 3.0.0: see #2811
                if not isinstance(e.reason, NewConnectionError):
                    raise ConnectTimeout(e, request=request)
    
            if isinstance(e.reason, ResponseError):
                raise RetryError(e, request=request)
    
            if isinstance(e.reason, _ProxyError):
                raise ProxyError(e, request=request)
    
            if isinstance(e.reason, _SSLError):
                # This branch is for urllib3 v1.22 and later.
                raise SSLError(e, request=request)
    
            raise ConnectionError(e, request=request)
    
        except ClosedPoolError as e:
            raise ConnectionError(e, request=request)
    
        except _ProxyError as e:
            raise ProxyError(e)
    
        except (_SSLError, _HTTPError) as e:
            if isinstance(e, _SSLError):
                # This branch is for urllib3 versions earlier than v1.22
                raise SSLError(e, request=request)
            elif isinstance(e, ReadTimeoutError):
>               raise ReadTimeout(e, request=request)
E               requests.exceptions.ReadTimeout: HTTPConnectionPool(host='127.0.0.1', port=8002): Read timed out. (read timeout=5)

..\..\..\AppData\Local\Programs\Python\Python313\Lib\site-packages\requests\adapters.py:532: ReadTimeout
============================== warnings summary ===============================
lucia_core\comms.py:20
  C:\Users\Hi\Desktop\루시아 에이전트\2\lucia_core\comms.py:20: DeprecationWarning: Callback API version 1 is deprecated, update to latest version
    self.client = Client(protocol=MQTTv5)

tests/test_ai_quota_concurrency.py: 13 warnings
tests/test_ai_quota_modular.py: 4 warnings
  C:\Users\Hi\Desktop\루시아 에이전트\2\ai_quota.py:78: DeprecationWarning: datetime.datetime.utcnow() is deprecated and scheduled for removal in a future version. Use timezone-aware objects to represent datetimes in UTC: datetime.datetime.now(datetime.UTC).
    dbg = {'time': datetime.utcnow().isoformat(), 'action': 'reserve_attempt', 'usage_path': path,

tests/test_ai_quota_concurrency.py: 13 warnings
tests/test_ai_quota_modular.py: 4 warnings
  C:\Users\Hi\Desktop\루시아 에이전트\2\ai_quota.py:69: DeprecationWarning: datetime.datetime.utcnow() is deprecated and scheduled for removal in a future version. Use timezone-aware objects to represent datetimes in UTC: datetime.datetime.now(datetime.UTC).
    return datetime.utcnow().strftime('%Y-%m-%d')

tests/test_ai_quota_concurrency.py: 13 warnings
tests/test_ai_quota_modular.py: 4 warnings
  C:\Users\Hi\Desktop\루시아 에이전트\2\ai_quota.py:93: DeprecationWarning: datetime.datetime.utcnow() is deprecated and scheduled for removal in a future version. Use timezone-aware objects to represent datetimes in UTC: datetime.datetime.now(datetime.UTC).
    minute_key = datetime.utcnow().strftime('%Y%m%d%H%M')

tests/test_ai_quota_concurrency.py::test_concurrent_reserve_and_rollback
tests/test_ai_quota_concurrency.py::test_concurrent_reserve_and_rollback
tests/test_ai_quota_concurrency.py::test_concurrent_reserve_and_rollback
tests/test_ai_quota_concurrency.py::test_concurrent_reserve_and_rollback
tests/test_ai_quota_concurrency.py::test_concurrent_reserve_and_rollback
tests/test_ai_quota_modular.py::test_quota_enforcement
tests/test_ai_quota_modular.py::test_ai_chat_fixed_runner_stub
tests/test_ai_quota_modular.py::test_quota_rollback_on_provider_error
  C:\Users\Hi\Desktop\루시아 에이전트\2\ai_quota.py:123: DeprecationWarning: datetime.datetime.utcnow() is deprecated and scheduled for removal in a future version. Use timezone-aware objects to represent datetimes in UTC: datetime.datetime.now(datetime.UTC).
    f.write(json.dumps({'time': datetime.utcnow().isoformat(), 'action': 'reserve_committed', 'usage_path': path, 'data': data}, ensure_ascii=False) + '\n')

tests/test_ai_quota_modular.py::test_health
  C:\Users\Hi\Desktop\루시아 에이전트\2\lucia_ultimate_quantum_enhanced_modular.py:39: DeprecationWarning: datetime.datetime.utcnow() is deprecated and scheduled for removal in a future version. Use timezone-aware objects to represent datetimes in UTC: datetime.datetime.now(datetime.UTC).
    return {'ok': True, 'time': datetime.utcnow().isoformat(), 'psi': getattr(quantum_core, 'psi', None)}

tests/test_ai_quota_modular.py::test_quota_enforcement
tests/test_ai_quota_modular.py::test_quota_rollback_on_provider_error
  C:\Users\Hi\Desktop\루시아 에이전트\2\ai_quota.py:178: DeprecationWarning: datetime.datetime.utcnow() is deprecated and scheduled for removal in a future version. Use timezone-aware objects to represent datetimes in UTC: datetime.datetime.now(datetime.UTC).
    event = {'time': datetime.utcnow().isoformat(), 'event': 'quota_exceeded', 'details': details}

tests/test_ai_quota_modular.py::test_ai_chat_fixed_runner_stub
tests/test_ai_quota_modular.py::test_quota_rollback_on_provider_error
tests/test_ai_quota_modular.py::test_quota_rollback_on_provider_error
  C:\Users\Hi\Desktop\루시아 에이전트\2\lucia_ultimate_quantum_integrated_fixed.py:182: DeprecationWarning: datetime.datetime.utcnow() is deprecated and scheduled for removal in a future version. Use timezone-aware objects to represent datetimes in UTC: datetime.datetime.now(datetime.UTC).
    _lf.write(_json.dumps({'time': _dt.utcnow().isoformat(), 'action': 'endpoint_received_payload', 'keys': list(payload.keys()) if isinstance(payload, dict) else None}, ensure_ascii=False) + '\n')

tests/test_ai_quota_modular.py::test_ai_chat_fixed_runner_stub
tests/test_ai_quota_modular.py::test_quota_rollback_on_provider_error
  C:\Users\Hi\Desktop\루시아 에이전트\2\lucia_ultimate_quantum_integrated_fixed.py:217: DeprecationWarning: datetime.datetime.utcnow() is deprecated and scheduled for removal in a future version. Use timezone-aware objects to represent datetimes in UTC: datetime.datetime.now(datetime.UTC).
    _lf.write(_json.dumps({'time': _dt.utcnow().isoformat(), 'action': 'endpoint_before_call_provider', 'payload_keys': list(payload.keys()) if isinstance(payload, dict) else None}, ensure_ascii=False) + '\n')

tests/test_ai_quota_modular.py::test_ai_chat_fixed_runner_stub
tests/test_ai_quota_modular.py::test_quota_rollback_on_provider_error
  C:\Users\Hi\Desktop\루시아 에이전트\2\ai_quota.py:191: DeprecationWarning: datetime.datetime.utcnow() is deprecated and scheduled for removal in a future version. Use timezone-aware objects to represent datetimes in UTC: datetime.datetime.now(datetime.UTC).
    f.write(json.dumps({'time': datetime.utcnow().isoformat(), 'action': 'call_provider_payload', 'keys': list(payload.keys()) if isinstance(payload, dict) else None, 'payload': payload}, ensure_ascii=False) + '\n')

tests/test_ai_quota_modular.py::test_ai_chat_fixed_runner_stub
tests/test_ai_quota_modular.py::test_quota_rollback_on_provider_error
  C:\Users\Hi\Desktop\루시아 에이전트\2\ai_quota.py:211: DeprecationWarning: datetime.datetime.utcnow() is deprecated and scheduled for removal in a future version. Use timezone-aware objects to represent datetimes in UTC: datetime.datetime.now(datetime.UTC).
    f.write(json.dumps({'time': datetime.utcnow().isoformat(), 'action': 'ai_quota_delegating_to_providers', 'module_file': __file__, 'pid': os.getpid(), 'payload_keys': list(payload.keys()) if isinstance(payload, dict) else None}, ensure_ascii=False) + '\n')

tests/test_ai_quota_modular.py::test_ai_chat_fixed_runner_stub
tests/test_ai_quota_modular.py::test_quota_rollback_on_provider_error
  c:\Users\Hi\Desktop\루시아 에이전트\2\ai_providers.py:61: DeprecationWarning: datetime.datetime.utcnow() is deprecated and scheduled for removal in a future version. Use timezone-aware objects to represent datetimes in UTC: datetime.datetime.now(datetime.UTC).
    lf.write(json.dumps({'time': datetime.utcnow().isoformat(), 'action': 'provider_received_payload', 'module_file': __file__, 'pid': os.getpid(), 'keys': list(payload.keys()) if isinstance(payload, dict) else None, 'mock_error': bool(payload.get('mock_error')) if isinstance(payload, dict) else None}, ensure_ascii=False) + '\n')

tests/test_ai_quota_modular.py::test_ai_chat_fixed_runner_stub
tests/test_ai_quota_modular.py::test_quota_rollback_on_provider_error
  C:\Users\Hi\Desktop\루시아 에이전트\2\lucia_ultimate_quantum_integrated_fixed.py:229: DeprecationWarning: datetime.datetime.utcnow() is deprecated and scheduled for removal in a future version. Use timezone-aware objects to represent datetimes in UTC: datetime.datetime.now(datetime.UTC).
    _lf.write(_json.dumps({'time': _dt.utcnow().isoformat(), 'action': 'endpoint_after_call_provider', 'provider_resp_keys': list(resp.keys()) if isinstance(resp, dict) else None}, ensure_ascii=False) + '\n')

tests/test_ai_quota_modular.py::test_quota_rollback_on_provider_error
  C:\Users\Hi\Desktop\루시아 에이전트\2\lucia_ultimate_quantum_integrated_fixed.py:198: DeprecationWarning: datetime.datetime.utcnow() is deprecated and scheduled for removal in a future version. Use timezone-aware objects to represent datetimes in UTC: datetime.datetime.now(datetime.UTC).
    _lf.write(_json.dumps({'time': _dt.utcnow().isoformat(), 'action': 'endpoint_detected_mock_error_before_reserve', 'prompt': prompt}, ensure_ascii=False) + '\n')

-- Docs: https://docs.pytest.org/en/stable/how-to/capture-warnings.html
=========================== short test summary info ===========================
FAILED tests/test_ai.py::test_ai_status_and_chat_stub - requests.exceptions.R...
FAILED tests/test_ai_quota.py::test_quota_limit - requests.exceptions.ReadTim...
2 failed, 10 passed, 77 warnings in 19.40s
